2026-09-16 22:27:14,415 - __main__ - INFO - Testing the logger
2026-09-16 22:27:16,122 - __main__ - WARNING - This is a warning
2026-09-16 22:41:08,885 - src.data_access - INFO - Starting to build ml_table from database
2026-09-16 22:41:21,345 - src.data_access - INFO - Finished building ml_table: 99441 rows, 26 columns
2026-09-16 22:51:22,092 - src.data_access - INFO - Starting to build ml_table from database
2026-09-16 22:51:33,916 - src.data_access - INFO - Finished building ml_table: 99441 rows, 26 columns
2026-09-16 23:10:10,568 - src.data_access - INFO - Starting to build ml_table from database
2026-09-16 23:10:22,715 - src.data_access - INFO - Finished building ml_table: 99441 rows, 26 columns
2026-09-16 23:13:03,183 - src.data_access - INFO - Starting to build ml_table from database
2026-09-16 23:13:15,905 - src.data_access - INFO - Finished building ml_table: 99441 rows, 26 columns
2026-09-16 23:15:47,665 - src.data_access - INFO - Starting to build ml_table from database
2026-09-16 23:16:06,537 - src.data_access - INFO - Finished building ml_table: 99441 rows, 26 columns
2026-09-16 23:25:24,955 - src.data_access - INFO - Starting to build ml_table from database
2026-09-16 23:25:36,573 - src.data_access - INFO - Finished building ml_table: 99441 rows, 26 columns
2026-09-16 23:25:36,573 - src.data_access - INFO - Validating ml_table against expectation suite
2026-09-16 23:25:37,901 - src.data_access - INFO - Validation passed
2026-09-16 23:26:59,970 - src.data_access - INFO - Starting to build ml_table from database
2026-09-16 23:27:15,246 - src.data_access - INFO - Finished building ml_table: 99441 rows, 26 columns
2026-09-16 23:27:15,246 - src.data_access - INFO - Validating ml_table against expectation suite
2026-09-16 23:27:18,989 - src.data_access - INFO - Validation passed
2026-09-16 23:36:14,587 - src.data_access - INFO - Starting to build ml_table from database
2026-09-16 23:36:26,299 - src.data_access - INFO - Finished building ml_table: 99441 rows, 26 columns
2026-09-16 23:36:26,299 - src.data_access - INFO - Validating ml_table against expectation suite
2026-09-16 23:36:30,289 - src.data_access - WARNING - Validation FAILED — check the data before trusting predictions
2026-09-16 23:38:48,155 - src.data_access - INFO - Starting to build ml_table from database
2026-09-16 23:39:00,129 - src.data_access - INFO - Finished building ml_table: 99441 rows, 26 columns
2026-09-16 23:39:00,129 - src.data_access - INFO - Validating ml_table against expectation suite
2026-09-16 23:39:04,066 - src.data_access - WARNING - Validation FAILED — check the data before trusting predictions
2026-09-16 23:40:41,917 - src.data_access - INFO - Starting to build ml_table from database
2026-09-16 23:40:53,258 - src.data_access - INFO - Finished building ml_table: 99441 rows, 26 columns
2026-09-16 23:40:53,258 - src.data_access - INFO - Validating ml_table against expectation suite
2026-09-16 23:40:57,393 - src.data_access - WARNING - Validation FAILED — check the data before trusting predictions
2026-09-16 23:42:48,092 - src.data_access - INFO - Starting to build ml_table from database
2026-09-16 23:42:59,055 - src.data_access - INFO - Finished building ml_table: 99441 rows, 26 columns
2026-09-16 23:42:59,057 - src.data_access - INFO - Validating ml_table against expectation suite
2026-09-16 23:43:02,711 - src.data_access - WARNING - Validation FAILED — check the data before trusting predictions
2026-09-16 23:43:33,666 - src.data_access - INFO - Starting to build ml_table from database
2026-09-16 23:43:44,621 - src.data_access - INFO - Finished building ml_table: 99441 rows, 26 columns
2026-09-16 23:43:44,621 - src.data_access - INFO - Validating ml_table against expectation suite
2026-09-16 23:43:48,333 - src.data_access - WARNING - Validation FAILED — check the data before trusting predictions
2026-09-18 15:09:11,512 - src.data_access - INFO - Starting to build ml_table from database
2026-09-18 15:11:20,269 - src.data_access - INFO - Starting to build ml_table from database
2026-09-18 15:11:35,291 - src.data_access - INFO - Finished building ml_table: 99441 rows, 26 columns
2026-09-18 15:11:35,291 - src.data_access - INFO - Validating ml_table against expectation suite
2026-09-18 15:11:39,788 - src.data_access - WARNING - Validation FAILED — check the data before trusting predictions
2026-09-18 15:14:26,878 - src.data_access - INFO - Starting to build ml_table from database
2026-09-18 15:14:39,229 - src.data_access - INFO - Finished building ml_table: 99441 rows, 26 columns
2026-09-18 15:14:39,245 - src.data_access - INFO - Validating ml_table against expectation suite
2026-09-18 15:14:46,223 - src.data_access - WARNING - Validation FAILED — check the data before trusting predictions
2026-09-18 15:52:07,032 - src.data_access - INFO - Starting to build ml_table from database
2026-09-18 15:52:20,511 - src.data_access - INFO - Finished building ml_table: 99441 rows, 26 columns
2026-09-18 15:54:13,145 - src.data_access - INFO - Starting to build ml_table from database
2026-09-18 15:54:24,951 - src.data_access - INFO - Finished building ml_table: 99441 rows, 26 columns
2026-09-18 15:57:42,050 - src.data_access - INFO - Starting to build ml_table from database
2026-09-18 15:57:54,090 - src.data_access - INFO - Finished building ml_table: 99441 rows, 26 columns
2026-09-18 18:21:57,440 - src.data_access - INFO - Starting to build ml_table from database
2026-09-18 18:22:11,693 - src.data_access - INFO - Finished building ml_table: 99441 rows, 26 columns
2026-09-19 00:59:32,547 - src.data_access - INFO - Starting to build ml_table from database
2026-09-19 00:59:45,807 - src.data_access - INFO - Finished building ml_table: 99441 rows, 26 columns
2026-09-19 00:59:45,807 - src.data_access - INFO - Validating ml_table against expectation suite
2026-09-19 01:00:06,023 - src.data_access - WARNING - Validation FAILED — check the data before trusting predictions
2026-09-19 01:05:53,155 - src.data_access - INFO - Starting to build ml_table from database
2026-09-19 01:06:02,536 - src.data_access - INFO - Finished building ml_table: 99441 rows, 26 columns
2026-09-19 01:06:02,536 - src.data_access - INFO - Validating ml_table against expectation suite
2026-09-19 01:06:11,180 - src.data_access - INFO - Validation passed
